<?xml version="1.0" encoding="UTF-8"?>
<OneBoxResults xmlns:xsi="http://www.w3.org/2001/XMLSchema-instance" xsi:noNamespaceSchemaLocation="oneboxresults.xsd">
<resultCode>10</resultCode>
<Diagnostics>Showing 6 of 6</Diagnostics>
<provider>One Box module indexing from the GSA</provider>
<title>
<urlText>
The URL of the One Box module indexing from the GSA
</urlText>
<urlLink>http://localhost</urlLink>
</title>
<IMAGE_SOURCE>http://localhost/img/image.png</IMAGE_SOURCE>
<MODULE_RESULT>
<U>http://www.google.es</U>
<Title>Google</Title>
<Field name="tags">google search</Field>
</MODULE_RESULT>
<MODULE_RESULT>
<U>http://www.google.es</U>
<Title>Google</Title>
<Field name="tags">google search</Field>
</MODULE_RESULT>
<MODULE_RESULT>
<U>http://www.google.es</U>
<Title>Google</Title>
<Field name="tags">google search</Field>
</MODULE_RESULT>
<MODULE_RESULT>
<U>http://www.google.es</U>
<Title>Google</Title>
<Field name="tags">google search</Field>
</MODULE_RESULT>
<MODULE_RESULT>
<U>http://www.google.es</U>
<Title>Google</Title>
<Field name="tags">google search</Field>
</MODULE_RESULT>
<MODULE_RESULT>
<U>http://www.google.es</U>
<Title>Google</Title>
<Field name="tags">google search</Field>
</MODULE_RESULT>
</OneBoxResults>
